work|/home/bjorn/RV12/rtl/verilog/pkg/riscv_pkg.sv_riscv_state1.9_pkg.sv_riscv_du_pkg.sv_ahb3lite_pkg.sv_riscv_alu.sv_riscv_lsu.sv_riscv_bu.sv_riscv_mul.sv_riscv_div.sv_riscv_ex.sv_riscv_id.sv_riscv_if.sv_riscv_pd.sv_riscv_memwb.sv_riscv_rf.sv_riscv_state1.9.sv_riscv_bp.sv_riscv_du.sv_riscv_core.sv_rl_ram_1r1w.sv_rl_ram_1r1w_generic.sv_rl_ram_1r1w_easic_n3x.sv_rl_ram_1r1w_easic_n3xs.sv_rl_ram_1rw.sv_rl_ram_1rw_generic.sv_rl_ram_1rw_easic_n3x.sv_riscv_memmisaligned.sv_riscv_wbuf.sv_riscv_icache_core.sv_riscv_noicache_core.sv_riscv_dcache_core.sv_riscv_nodcache_core.sv_ahb3lite_checker.sv_riscv_cache_biu_ahb3lite.sv_riscv_icache_ahb3lite.sv_riscv_dcache_ahb3lite.sv_riscv_top_ahb3lite.sv_testbench_top.sv_memory_model_ahb3lite.sv_dbg_bfm.sv|/home/bjorn/RV12/sim/ahb3lite/regression/run/riviera/work/refresh.tmp|/home/bjorn/RV12/sim/ahb3lite/regression/run/riviera/work/vcp_cmd.encr|1508770388.00
